presidio@Presidios-MacBook-Pro ~ % az acr create --resource-group az-ai-training-rg --name gowthamacr --location eastus --sku premium
{
  "adminUserEnabled": false,
  "anonymousPullEnabled": false,
  "autoGeneratedDomainNameLabelScope": "Unsecure",
  "creationDate": "2025-07-17T04:25:18.528133+00:00",
  "dataEndpointEnabled": false,
  "dataEndpointHostNames": [],
  "encryption": {
    "keyVaultProperties": null,
    "status": "disabled"
  },
  "id": "/subscriptions/fff309a9-2887-407d-b64d-e074e3d92e5b/resourceGroups/az-ai-training-rg/providers/Microsoft.ContainerRegistry/registries/gowthamacr",
  "identity": null,
  "location": "eastus",
  "loginServer": "gowthamacr.azurecr.io",
  "metadataSearch": "Disabled",
  "name": "gowthamacr",
  "networkRuleBypassOptions": "AzureServices",
  "networkRuleSet": {
    "defaultAction": "Allow",
    "ipRules": []
  },
  "policies": {
    "azureAdAuthenticationAsArmPolicy": {
      "status": "enabled"
    },
    "exportPolicy": {
      "status": "enabled"
    },
    "quarantinePolicy": {
      "status": "disabled"
    },
    "retentionPolicy": {
      "days": 7,
      "lastUpdatedTime": "2025-07-17T04:25:26.584944+00:00",
      "status": "disabled"
    },
    "softDeletePolicy": {
      "lastUpdatedTime": "2025-07-17T04:25:26.584984+00:00",
      "retentionDays": 7,
      "status": "disabled"
    },
    "trustPolicy": {
      "status": "disabled",
      "type": "Notary"
    }
  },
  "privateEndpointConnections": [],
  "provisioningState": "Succeeded",
  "publicNetworkAccess": "Enabled",
  "resourceGroup": "az-ai-training-rg",
  "roleAssignmentMode": "LegacyRegistryPermissions",
  "sku": {
    "name": "Premium",
    "tier": "Premium"
  },
  "status": null,
  "systemData": {
    "createdAt": "2025-07-17T04:25:18.528133+00:00",
    "createdBy": "gowthams@presidio.com",
    "createdByType": "User",
    "lastModifiedAt": "2025-07-17T04:25:18.528133+00:00",
    "lastModifiedBy": "gowthams@presidio.com",
    "lastModifiedByType": "User"
  },
  "tags": {},
  "type": "Microsoft.ContainerRegistry/registries",
  "zoneRedundancy": "Disabled"
}


presidio@Presidios-MacBook-Pro VehicleServiceManagement-FrontEnd % az acr build --registry gowthamacr --image vsmfrontend:v1
the following arguments are required: <SOURCE_LOCATION>

Examples from AI knowledge base:
az acr build --image sample/hello-world:{{.Run.ID}} --registry MyRegistry .
Queue a local context as a Linux build, tag it, and push it to the registry.

az acr build --registry MyRegistry --file Windows.Dockerfile --platform windows https://github.com/Azure/acr-builder.git
Queue a remote GitHub context as a Windows build, tag it, and push it to the registry.

https://docs.microsoft.com/en-US/cli/azure/acr#az_acr_build
Read more about the command in reference docs
presidio@Presidios-MacBook-Pro VehicleServiceManagement-FrontEnd % az acr build --registry gowthamacr --image vsmfrontend:v1 .
Packing source code into tar to upload...
Excluding '.gitignore' based on default ignore rules
Uploading archived source code from '/var/folders/s6/wq8nsw2d22j4nrb_nxd2hqcc0000gn/T/build_archive_84c91d04f8904cc2a9d9498d5459eba3.tar.gz'...
Sending context (65.013 MiB) to registry: gowthamacr...
Queued a build with ID: ca1
Waiting for an agent...
2025/07/17 04:38:12 Downloading source code...
2025/07/17 04:38:16 Finished downloading source code
2025/07/17 04:38:16 Using acb_vol_4ab09339-019f-4281-a2a9-f9db3c628e04 as the home volume
2025/07/17 04:38:16 Setting up Docker configuration...
2025/07/17 04:38:16 Successfully set up Docker configuration
2025/07/17 04:38:16 Logging in to registry: gowthamacr.azurecr.io
2025/07/17 04:38:17 Successfully logged into gowthamacr.azurecr.io
2025/07/17 04:38:17 Executing step ID: build. Timeout(sec): 28800, Working directory: '', Network: ''
2025/07/17 04:38:17 Scanning for dependencies...
2025/07/17 04:38:17 Successfully scanned dependencies
2025/07/17 04:38:17 Launching container with name: build
Sending build context to Docker daemon  240.8MB
Step 1/11 : FROM node:20-alpine AS builder
20-alpine: Pulling from library/node
9824c27679d3: Pulling fs layer
8c59d92d6fc9: Pulling fs layer
54225bd60196: Pulling fs layer
a9e48ad1219d: Pulling fs layer
a9e48ad1219d: Waiting
9824c27679d3: Verifying Checksum
9824c27679d3: Download complete
54225bd60196: Verifying Checksum
54225bd60196: Download complete
a9e48ad1219d: Verifying Checksum
a9e48ad1219d: Download complete
9824c27679d3: Pull complete
8c59d92d6fc9: Verifying Checksum
8c59d92d6fc9: Download complete
8c59d92d6fc9: Pull complete
54225bd60196: Pull complete
a9e48ad1219d: Pull complete
Digest: sha256:df02558528d3d3d0d621f112e232611aecfee7cbc654f6b375765f72bb262799
Status: Downloaded newer image for node:20-alpine
 ---> 7cdef5a33192
Step 2/11 : WORKDIR /app
 ---> Running in 0b44159a0205
Removing intermediate container 0b44159a0205
 ---> 08a163cfe0f6
Step 3/11 : COPY package*.json ./
 ---> 1740784ec891
Step 4/11 : RUN npm install --legacy-peer-deps
 ---> Running in 0c9cc0e1a597
npm warn deprecated rimraf@3.0.2: Rimraf versions prior to v4 are no longer supported
npm warn deprecated inflight@1.0.6: This module is not supported, and leaks memory. Do not use it. Check out lru-cache if you want a good and tested way to coalesce async requests by a key value, which is much more comprehensive and powerful.
npm warn deprecated glob@7.2.3: Glob versions prior to v9 are no longer supported

added 576 packages, and audited 577 packages in 8s

100 packages are looking for funding
  run `npm fund` for details

found 0 vulnerabilities
npm notice
npm notice New major version of npm available! 10.8.2 -> 11.4.2
npm notice Changelog: https://github.com/npm/cli/releases/tag/v11.4.2
npm notice To update run: npm install -g npm@11.4.2
npm notice
Removing intermediate container 0c9cc0e1a597
 ---> c8a4d164addb
Step 5/11 : COPY . .
 ---> bfd81772f8ee
Step 6/11 : RUN npm run build -- --configuration=production
 ---> Running in 9d157d89aaab

> vehicle-service-management-front-end@0.0.0 build
> ng build --configuration=production

❯ Building...
✔ Building...
Initial chunk files   | Names         | Raw size | Estimated transfer size
main-5Q6GBKZQ.js      | main          |  1.05 MB |               205.19 kB
polyfills-B6TNHZQ6.js | polyfills     | 34.58 kB |                11.32 kB
styles-AML4I6FI.css   | styles        |  7.90 kB |                 1.07 kB

                      | Initial total |  1.09 MB |               217.58 kB

Application bundle generation complete. [8.276 seconds]

▲ [WARNING] Module '@canvasjs/charts' used by 'node_modules/@canvasjs/angular-charts/fesm2015/canvasjs-angular-charts.js' is not ESM

  CommonJS or AMD dependencies can cause optimization bailouts.
  For more information see: https://angular.dev/tools/cli/build#configuring-commonjs-dependencies


Output location: /app/dist/VehicleServiceManagement-FrontEnd

Removing intermediate container 9d157d89aaab
 ---> 1446ef9d9d98
Step 7/11 : FROM nginx:alpine
alpine: Pulling from library/nginx
9824c27679d3: Already exists
a5585638209e: Pulling fs layer
fd372c3c84a2: Pulling fs layer
958a74d6a238: Pulling fs layer
c1d2dc189e38: Pulling fs layer
828fa206d77b: Pulling fs layer
bdaad27fd04a: Pulling fs layer
f23865b38cc6: Pulling fs layer
c1d2dc189e38: Waiting
828fa206d77b: Waiting
bdaad27fd04a: Waiting
f23865b38cc6: Waiting
fd372c3c84a2: Verifying Checksum
fd372c3c84a2: Download complete
958a74d6a238: Verifying Checksum
958a74d6a238: Download complete
a5585638209e: Verifying Checksum
a5585638209e: Download complete
c1d2dc189e38: Verifying Checksum
c1d2dc189e38: Download complete
828fa206d77b: Verifying Checksum
828fa206d77b: Download complete
bdaad27fd04a: Verifying Checksum
bdaad27fd04a: Download complete
a5585638209e: Pull complete
fd372c3c84a2: Pull complete
f23865b38cc6: Verifying Checksum
f23865b38cc6: Download complete
958a74d6a238: Pull complete
c1d2dc189e38: Pull complete
828fa206d77b: Pull complete
bdaad27fd04a: Pull complete
f23865b38cc6: Pull complete
Digest: sha256:f741b7f2e82ec8e3daa163b089d48ec163ad0b015d859a1e4f0f2a6202e8cc22
Status: Downloaded newer image for nginx:alpine
 ---> d6adbc7fd47e
Step 8/11 : RUN rm -rf /usr/share/nginx/html/*
 ---> Running in 196dd25c4f5f
Removing intermediate container 196dd25c4f5f
 ---> 5a91e67aa504
Step 9/11 : COPY --from=builder /app/dist/VehicleServiceManagement-FrontEnd/browser /usr/share/nginx/html/
 ---> a6a35daf1897
Step 10/11 : EXPOSE 80
 ---> Running in bee23811af09
Removing intermediate container bee23811af09
 ---> 65fc80022bf0
Step 11/11 : CMD ["nginx", "-g", "daemon off;"]
 ---> Running in 1cc621a71ccc
Removing intermediate container 1cc621a71ccc
 ---> 09f816c1aab2
Successfully built 09f816c1aab2
Successfully tagged gowthamacr.azurecr.io/vsmfrontend:v1
2025/07/17 04:39:05 Successfully executed container: build
2025/07/17 04:39:05 Executing step ID: push. Timeout(sec): 3600, Working directory: '', Network: ''
2025/07/17 04:39:05 Pushing image: gowthamacr.azurecr.io/vsmfrontend:v1, attempt 1
The push refers to repository [gowthamacr.azurecr.io/vsmfrontend]
a10572077f45: Preparing
5588f5a151c2: Preparing
57fb2e22a07a: Preparing
c38bee0b0d28: Preparing
26081059fc81: Preparing
daa8ffa7606a: Preparing
95a6190cfaec: Preparing
430a7aa99a19: Preparing
77a17eed5d29: Preparing
418dccb7d85a: Preparing
daa8ffa7606a: Waiting
95a6190cfaec: Waiting
77a17eed5d29: Waiting
418dccb7d85a: Waiting
5588f5a151c2: Pushed
26081059fc81: Pushed
c38bee0b0d28: Pushed
a10572077f45: Pushed
57fb2e22a07a: Pushed
daa8ffa7606a: Pushed
95a6190cfaec: Pushed
430a7aa99a19: Pushed
77a17eed5d29: Pushed
418dccb7d85a: Pushed
v1: digest: sha256:468effea4827b449edae3702dfb036d2209412cea13f0b037832987f6b47fec3 size: 2408
2025/07/17 04:39:18 Successfully pushed image: gowthamacr.azurecr.io/vsmfrontend:v1
2025/07/17 04:39:18 Step ID: build marked as successful (elapsed time in seconds: 47.982029)
2025/07/17 04:39:18 Populating digests for step ID: build...
2025/07/17 04:39:19 Successfully populated digests for step ID: build
2025/07/17 04:39:19 Step ID: push marked as successful (elapsed time in seconds: 12.578246)
2025/07/17 04:39:19 The following dependencies were found:
2025/07/17 04:39:19 
- image:
    registry: gowthamacr.azurecr.io
    repository: vsmfrontend
    tag: v1
    digest: sha256:468effea4827b449edae3702dfb036d2209412cea13f0b037832987f6b47fec3
  runtime-dependency:
    registry: registry.hub.docker.com
    repository: library/nginx
    tag: alpine
    digest: sha256:f741b7f2e82ec8e3daa163b089d48ec163ad0b015d859a1e4f0f2a6202e8cc22
  buildtime-dependency:
  - registry: registry.hub.docker.com
    repository: library/node
    tag: 20-alpine
    digest: sha256:df02558528d3d3d0d621f112e232611aecfee7cbc654f6b375765f72bb262799
  git: {}


Run ID: ca1 was successful after 1m7s
presidio@Presidios-MacBook-Pro VehicleServiceManagement-FrontEnd % az acr update -n gowthamacr --admin-enabled true
{
  "adminUserEnabled": true,
  "anonymousPullEnabled": false,
  "autoGeneratedDomainNameLabelScope": "Unsecure",
  "creationDate": "2025-07-17T04:25:18.528133+00:00",
  "dataEndpointEnabled": false,
  "dataEndpointHostNames": [],
  "encryption": {
    "keyVaultProperties": null,
    "status": "disabled"
  },
  "id": "/subscriptions/fff309a9-2887-407d-b64d-e074e3d92e5b/resourceGroups/az-ai-training-rg/providers/Microsoft.ContainerRegistry/registries/gowthamacr",
  "identity": null,
  "location": "eastus",
  "loginServer": "gowthamacr.azurecr.io",
  "metadataSearch": "Disabled",
  "name": "gowthamacr",
  "networkRuleBypassOptions": "AzureServices",
  "networkRuleSet": {
    "defaultAction": "Allow",
    "ipRules": []
  },
  "policies": {
    "azureAdAuthenticationAsArmPolicy": {
      "status": "enabled"
    },
    "exportPolicy": {
      "status": "enabled"
    },
    "quarantinePolicy": {
      "status": "disabled"
    },
    "retentionPolicy": {
      "days": 7,
      "lastUpdatedTime": "2025-07-17T04:25:26.584944+00:00",
      "status": "disabled"
    },
    "softDeletePolicy": {
      "lastUpdatedTime": "2025-07-17T04:25:26.584984+00:00",
      "retentionDays": 7,
      "status": "disabled"
    },
    "trustPolicy": {
      "status": "disabled",
      "type": "Notary"
    }
  },
  "privateEndpointConnections": [],
  "provisioningState": "Succeeded",
  "publicNetworkAccess": "Enabled",
  "resourceGroup": "az-ai-training-rg",
  "roleAssignmentMode": "LegacyRegistryPermissions",
  "sku": {
    "name": "Premium",
    "tier": "Premium"
  },
  "status": null,
  "systemData": {
    "createdAt": "2025-07-17T04:25:18.528133+00:00",
    "createdBy": "gowthams@presidio.com",
    "createdByType": "User",
    "lastModifiedAt": "2025-07-17T04:41:58.731110+00:00",
    "lastModifiedBy": "gowthams@presidio.com",
    "lastModifiedByType": "User"
  },
  "tags": {},
  "type": "Microsoft.ContainerRegistry/registries",
  "zoneRedundancy": "Disabled"
}
presidio@Presidios-MacBook-Pro VehicleServiceManagement-FrontEnd % az azure credentials show --name gowthamacr 
'azure' is misspelled or not recognized by the system.

Examples from AI knowledge base:
https://aka.ms/cli_ref
Read more about the command in reference docs
presidio@Presidios-MacBook-Pro VehicleServiceManagement-FrontEnd % az acr credentials show --name gowthamacr 
'credentials' is misspelled or not recognized by the system.
Did you mean 'credential' ?

Examples from AI knowledge base:
az acr credential show --name MyRegistry
Get the login credentials for an Azure Container Registry.

https://docs.microsoft.com/en-US/cli/azure/acr/credential#az_acr_credential_show
Read more about the command in reference docs
presidio@Presidios-MacBook-Pro VehicleServiceManagement-FrontEnd % az acr credentias show --name gowthamacr  
'credentias' is misspelled or not recognized by the system.
Did you mean 'credential' ?

Examples from AI knowledge base:
https://aka.ms/cli_ref
Read more about the command in reference docs
presidio@Presidios-MacBook-Pro VehicleServiceManagement-FrontEnd % 
presidio@Presidios-MacBook-Pro VehicleServiceManagement-FrontEnd % az acr credential show --name gowthamacr 
{
  "passwords": [
    {
      "name": "password",
      "value": "8tEBfuJj2UCbymN74aJugCMk+QEAMJVkU76JeiZ6W7+ACRD/K77B"
    },
    {
      "name": "password2",
      "value": "KsSFOuya+h/SFqN41AyYbTrfvFteHQmp6gFzYkuRPy+ACRASd3kP"
    }
  ],
  "username": "gowthamacr"
}
presidio@Presidios-MacBook-Pro VehicleServiceManagement-FrontEnd % az container create --resource-group az-ai-training-rg --name gowthamcontaineracr --image gowthamacr.azurecr.io/vsmfrontend:v1 --registry-login-server gowthamacr.azurecr.io --ip-address Public --location eastus --registry-username gowthamacr --registry-password 8tEBfuJj2UCbymN74aJugCMk+QEAMJVkU76JeiZ6W7+ACRD/K77B --os-type Linux --cpu 1 --memory 1
{
  "confidentialComputeProperties": null,
  "containerGroupProfile": null,
  "containers": [
    {
      "command": null,
      "configMap": {
        "keyValuePairs": {}
      },
      "environmentVariables": [],
      "image": "gowthamacr.azurecr.io/vsmfrontend:v1",
      "instanceView": {
        "currentState": {
          "detailStatus": "",
          "exitCode": null,
          "finishTime": null,
          "startTime": "2025-07-17T04:50:04.028000+00:00",
          "state": "Running"
        },
        "events": [
          {
            "count": 1,
            "firstTimestamp": "2025-07-17T04:49:44+00:00",
            "lastTimestamp": "2025-07-17T04:49:44+00:00",
            "message": "pulling image \"gowthamacr.azurecr.io/vsmfrontend@sha256:468effea4827b449edae3702dfb036d2209412cea13f0b037832987f6b47fec3\"",
            "name": "Pulling",
            "type": "Normal"
          },
          {
            "count": 1,
            "firstTimestamp": "2025-07-17T04:49:51+00:00",
            "lastTimestamp": "2025-07-17T04:49:51+00:00",
            "message": "Successfully pulled image \"gowthamacr.azurecr.io/vsmfrontend@sha256:468effea4827b449edae3702dfb036d2209412cea13f0b037832987f6b47fec3\"",
            "name": "Pulled",
            "type": "Normal"
          },
          {
            "count": 1,
            "firstTimestamp": "2025-07-17T04:50:04+00:00",
            "lastTimestamp": "2025-07-17T04:50:04+00:00",
            "message": "Started container",
            "name": "Started",
            "type": "Normal"
          }
        ],
        "previousState": null,
        "restartCount": 0
      },
      "livenessProbe": null,
      "name": "gowthamcontaineracr",
      "ports": [
        {
          "port": 80,
          "protocol": "TCP"
        }
      ],
      "readinessProbe": null,
      "resources": {
        "limits": null,
        "requests": {
          "cpu": 1.0,
          "gpu": null,
          "memoryInGb": 1.0
        }
      },
      "securityContext": null,
      "volumeMounts": null
    }
  ],
  "diagnostics": null,
  "dnsConfig": null,
  "encryptionProperties": null,
  "extensions": null,
  "id": "/subscriptions/fff309a9-2887-407d-b64d-e074e3d92e5b/resourceGroups/az-ai-training-rg/providers/Microsoft.ContainerInstance/containerGroups/gowthamcontaineracr",
  "identity": null,
  "imageRegistryCredentials": [
    {
      "identity": null,
      "identityUrl": null,
      "isDelegatedIdentity": false,
      "password": null,
      "server": "gowthamacr.azurecr.io",
      "username": "gowthamacr"
    }
  ],
  "initContainers": [],
  "instanceView": {
    "events": [],
    "state": "Running"
  },
  "ipAddress": {
    "autoGeneratedDomainNameLabelScope": null,
    "dnsNameLabel": null,
    "fqdn": null,
    "ip": "20.241.209.137",
    "ports": [
      {
        "port": 80,
        "protocol": "TCP"
      }
    ],
    "type": "Public"
  },
  "isCreatedFromStandbyPool": false,
  "location": "eastus",
  "name": "gowthamcontaineracr",
  "osType": "Linux",
  "priority": null,
  "provisioningState": "Succeeded",
  "resourceGroup": "az-ai-training-rg",
  "restartPolicy": null,
  "sku": "Standard",
  "standbyPoolProfile": null,
  "subnetIds": null,
  "tags": {},
  "type": "Microsoft.ContainerInstance/containerGroups",
  "volumes": null,
  "zones": null
}
presidio@Presidios-MacBook-Pro VehicleServiceManagement-FrontEnd % az container show --resource-group az-ai-training-rg --name gowthamcontaineracr --query ipAddress.ip --output table
Result
--------------
20.241.209.137
presidio@Presidios-MacBook-Pro VehicleServiceManagement-FrontEnd % az acr replication create --registry gowthamacr --location japaneast
(RequestDisallowedByPolicy) Resource 'japaneast' was disallowed by policy. Reasons: 'This resource must be compliant with the assigned policy.'. See error details for policy resource IDs.
Code: RequestDisallowedByPolicy
Message: Resource 'japaneast' was disallowed by policy. Reasons: 'This resource must be compliant with the assigned policy.'. See error details for policy resource IDs.
Target: japaneast
Additional Information:Type: PolicyViolation
Info: {
    "evaluationDetails": {
        "evaluatedExpressions": [
            {
                "result": "True",
                "expressionKind": "Field",
                "expression": "location",
                "path": "location",
                "expressionValue": "japaneast",
                "targetValue": [
                    "eastus",
                    "eastus2",
                    "westus2"
                ],
                "operator": "NotIn"
            },
            {
                "result": "True",
                "expressionKind": "Field",
                "expression": "location",
                "path": "location",
                "expressionValue": "japaneast",
                "targetValue": "global",
                "operator": "NotEquals"
            },
            {
                "result": "True",
                "expressionKind": "Field",
                "expression": "type",
                "path": "type",
                "expressionValue": "Microsoft.ContainerRegistry/registries/replications",
                "targetValue": "Microsoft.AzureActiveDirectory/b2cDirectories",
                "operator": "NotEquals"
            }
        ],
        "reason": "This resource must be compliant with the assigned policy."
    },
    "policyDefinitionId": "/providers/Microsoft.Authorization/policyDefinitions/e56962a6-4747-49cd-b67b-bf8b01975c4c",
    "policyDefinitionName": "e56962a6-4747-49cd-b67b-bf8b01975c4c",
    "policyDefinitionDisplayName": "Allowed locations",
    "policyDefinitionVersion": "1.0.0",
    "policyDefinitionEffect": "deny",
    "policyAssignmentId": "/providers/Microsoft.Management/managementGroups/appdev/providers/Microsoft.Authorization/policyAssignments/Allowed-Locations",
    "policyAssignmentName": "Allowed-Locations",
    "policyAssignmentDisplayName": "Allowed locations",
    "policyAssignmentScope": "/providers/Microsoft.Management/managementGroups/appdev",
    "policyAssignmentParameters": {
        "listOfAllowedLocations": [
            "eastus",
            "eastus2",
            "westus2"
        ]
    },
    "policyExemptionIds": [],
    "policyEnrollmentIds": []
}
presidio@Presidios-MacBook-Pro VehicleServiceManagement-FrontEnd % az acr replication create --registry gowthamacr --location westus   
(RequestDisallowedByPolicy) Resource 'westus' was disallowed by policy. Reasons: 'This resource must be compliant with the assigned policy.'. See error details for policy resource IDs.
Code: RequestDisallowedByPolicy
Message: Resource 'westus' was disallowed by policy. Reasons: 'This resource must be compliant with the assigned policy.'. See error details for policy resource IDs.
Target: westus
Additional Information:Type: PolicyViolation
Info: {
    "evaluationDetails": {
        "evaluatedExpressions": [
            {
                "result": "True",
                "expressionKind": "Field",
                "expression": "location",
                "path": "location",
                "expressionValue": "westus",
                "targetValue": [
                    "eastus",
                    "eastus2",
                    "westus2"
                ],
                "operator": "NotIn"
            },
            {
                "result": "True",
                "expressionKind": "Field",
                "expression": "location",
                "path": "location",
                "expressionValue": "westus",
                "targetValue": "global",
                "operator": "NotEquals"
            },
            {
                "result": "True",
                "expressionKind": "Field",
                "expression": "type",
                "path": "type",
                "expressionValue": "Microsoft.ContainerRegistry/registries/replications",
                "targetValue": "Microsoft.AzureActiveDirectory/b2cDirectories",
                "operator": "NotEquals"
            }
        ],
        "reason": "This resource must be compliant with the assigned policy."
    },
    "policyDefinitionId": "/providers/Microsoft.Authorization/policyDefinitions/e56962a6-4747-49cd-b67b-bf8b01975c4c",
    "policyDefinitionName": "e56962a6-4747-49cd-b67b-bf8b01975c4c",
    "policyDefinitionDisplayName": "Allowed locations",
    "policyDefinitionVersion": "1.0.0",
    "policyDefinitionEffect": "deny",
    "policyAssignmentId": "/providers/Microsoft.Management/managementGroups/appdev/providers/Microsoft.Authorization/policyAssignments/Allowed-Locations",
    "policyAssignmentName": "Allowed-Locations",
    "policyAssignmentDisplayName": "Allowed locations",
    "policyAssignmentScope": "/providers/Microsoft.Management/managementGroups/appdev",
    "policyAssignmentParameters": {
        "listOfAllowedLocations": [
            "eastus",
            "eastus2",
            "westus2"
        ]
    },
    "policyExemptionIds": [],
    "policyEnrollmentIds": []
}
presidio@Presidios-MacBook-Pro VehicleServiceManagement-FrontEnd % az acr replication create --registry gowthamacr --location westus2
{
  "id": "/subscriptions/fff309a9-2887-407d-b64d-e074e3d92e5b/resourceGroups/az-ai-training-rg/providers/Microsoft.ContainerRegistry/registries/gowthamacr/replications/westus2",
  "location": "westus2",
  "name": "westus2",
  "provisioningState": "Succeeded",
  "regionEndpointEnabled": true,
  "resourceGroup": "az-ai-training-rg",
  "status": {
    "displayStatus": "Syncing",
    "message": null,
    "timestamp": "2025-07-17T05:08:37.061746+00:00"
  },
  "systemData": {
    "createdAt": "2025-07-17T05:08:23.537406+00:00",
    "createdBy": "gowthams@presidio.com",
    "createdByType": "User",
    "lastModifiedAt": "2025-07-17T05:08:23.537406+00:00",
    "lastModifiedBy": "gowthams@presidio.com",
    "lastModifiedByType": "User"
  },
  "tags": {},
  "type": "Microsoft.ContainerRegistry/registries/replications",
  "zoneRedundancy": "Disabled"
}
presidio@Presidios-MacBook-Pro VehicleServiceManagement-FrontEnd % 
