2025-06-10 23:00:05Z [DATA] Customer Registered 123873@gmail.com
2025-06-11 09:29:43Z [DATA] Customer Registered sg2@gmail.com
2025-06-11 09:35:14Z [DATA] Customer Registered sg2@gmail.com
2025-06-11 09:39:11Z [DATA] Booking Created 09d3b1e1-3923-4c7c-9670-07960eb55d75
2025-06-11 11:32:30Z [DATA] Booking Cancelled 09d3b1e1-3923-4c7c-9670-07960eb55d75
2025-06-11 16:28:33Z [DATA] Category Added d006c685-601c-4877-99d9-d1e134f1e76c
2025-06-11 17:18:31Z [DATA] Customer Registered sg@gmail.com
2025-06-11 17:21:24Z [DATA] Mechanic Registered mech@gmail.com
2025-06-11 17:21:29Z [DATA] Customer Registered cust@gmail.com
2025-06-11 17:22:41Z [DATA] Booking Created 754de78b-fba3-4294-8f00-eae81d4597f4
2025-06-11 17:23:23Z [DATA] Vehicle Added 67d55989-b832-4622-bf0c-95af540a0a23
2025-06-11 17:29:56Z [DATA] Category Added 47189ed0-c7f0-4e80-9812-e09f80ab4a2a
2025-06-11 17:30:12Z [DATA] Category Added a6ed898a-2d0b-434e-85c2-259da907dfc4
2025-06-11 17:30:48Z [DATA] Vehicle Added 6071a021-c27a-4025-bb7f-a946911986a6
2025-06-11 17:32:07Z [DATA] Service Added 72f377e5-05ca-4301-afef-59576f258f16
2025-06-11 17:33:54Z [DATA] ServiceRecord Added f7130507-46eb-4f51-967a-828a6974300c
2025-06-11 17:34:26Z [DATA] Bill Added 162e04e2-d06c-41c8-b203-58e1ae2e3711
2025-06-11 17:35:18Z [DATA] Bill Downloaded 162e04e2-d06c-41c8-b203-58e1ae2e3711
2025-06-11 17:46:37Z [DATA] Service Added ba8f3665-b31a-4bdb-ba70-130e8cb28c07
2025-06-11 17:49:07Z [DATA] Bill Added 060f34c9-c1fe-4740-b2e9-fe420675f7eb
2025-06-11 17:50:28Z [DATA] Bill Downloaded 060f34c9-c1fe-4740-b2e9-fe420675f7eb
2025-06-11 17:59:47Z [DATA] Bill Downloaded 060f34c9-c1fe-4740-b2e9-fe420675f7eb
2025-06-11 19:31:47Z [DATA] Booking Created f8340b6f-5b10-4615-9cd9-68b6f7f8a3d4
2025-06-11 19:31:51Z [DATA] Booking Created 6707359b-3b4b-40e9-8717-ba73685ce35e
2025-06-11 19:31:55Z [DATA] Booking Created f5b0ffce-c709-44e1-9b5f-d272e0d83d12
2025-06-11 19:31:56Z [DATA] Booking Created 18974fb1-367a-4e82-91c3-97d19a45e98d
2025-06-11 20:10:38Z [DATA] Bill Downloaded 060f34c9-c1fe-4740-b2e9-fe420675f7eb
2025-06-11 21:25:49Z [DATA] Booking Cancelled f8340b6f-5b10-4615-9cd9-68b6f7f8a3d4
2025-06-11 21:26:32Z [DATA] Booking Cancelled f8340b6f-5b10-4615-9cd9-68b6f7f8a3d4
2025-06-11 22:01:13Z [DATA] Updated Deleted 47189ed0-c7f0-4e80-9812-e09f80ab4a2a
2025-06-11 22:01:26Z [DATA] Updated Deleted 47189ed0-c7f0-4e80-9812-e09f80ab4a2a
2025-06-11 22:01:38Z [DATA] Category Deleted 47189ed0-c7f0-4e80-9812-e09f80ab4a2a
2025-06-11 23:20:05Z [DATA] Bill Downloaded 060f34c9-c1fe-4740-b2e9-fe420675f7eb
2025-06-11 23:20:29Z [DATA] Bill Downloaded 060f34c9-c1fe-4740-b2e9-fe420675f7eb
2025-06-11 23:21:41Z [DATA] Bill Downloaded 060f34c9-c1fe-4740-b2e9-fe420675f7eb
2025-06-11 23:37:29Z [DATA] Booking Updated f8340b6f-5b10-4615-9cd9-68b6f7f8a3d4
2025-06-11 23:40:09Z [DATA] Booking Updated f8340b6f-5b10-4615-9cd9-68b6f7f8a3d4
2025-06-11 23:55:09Z [DATA] Bill Downloaded 060f34c9-c1fe-4740-b2e9-fe420675f7eb
2025-06-12 00:02:12Z [DATA] Booking Created 349a3192-7b93-4f06-bd74-d66456a0ec0b
2025-06-12 00:06:10Z [DATA] Category Deleted a6ed898a-2d0b-434e-85c2-259da907dfc4
2025-06-12 00:07:03Z [DATA] Category Added 65954717-0299-4517-a428-7a7f45b17bbf
2025-06-12 00:15:13Z [DATA] Category Added 0b132cae-cc27-4614-bea7-9ab0ec30c11f
2025-06-12 00:17:33Z [DATA] Category Added 83f731df-2d84-49cf-8ab3-43c60de55fd9
2025-06-12 00:19:51Z [DATA] Updated Deleted 0b132cae-cc27-4614-bea7-9ab0ec30c11f
2025-06-12 00:21:19Z [DATA] Updated Deleted 0b132cae-cc27-4614-bea7-9ab0ec30c11f
2025-06-12 00:28:11Z [DATA] Customer Registered abc@gmail.com
2025-06-12 00:28:41Z [DATA] Category Deleted 83f731df-2d84-49cf-8ab3-43c60de55fd9
2025-06-12 00:29:32Z [DATA] Booking Cancelled 349a3192-7b93-4f06-bd74-d66456a0ec0b
2025-06-12 00:34:52Z [DATA] Customer Updated abc@gmail.com
2025-06-12 00:35:28Z [DATA] Customer Updated abc@gmail.com
2025-06-12 00:43:50Z [DATA] Mechanic Registered abc1@gmail.com
2025-06-12 00:44:24Z [DATA] Mechanic Updated abc1@gmail.com
2025-06-12 00:49:28Z [DATA] Customer Updated abc@gmail.com
2025-06-12 00:49:48Z [DATA] Customer Updated abc@gmail.com
2025-06-12 00:57:37Z [DATA] Vehicle Added 0100c603-be4a-4a78-9a15-11f8046ca31f
2025-06-12 01:00:49Z [DATA] Vehicle Added aba3c7fa-f7d5-47b4-8709-2775d251852a
2025-06-12 01:05:17Z [DATA] Vehicle Updated aba3c7fa-f7d5-47b4-8709-2775d251852a
2025-06-12 01:06:00Z [DATA] Vehicle Updated aba3c7fa-f7d5-47b4-8709-2775d251852a
2025-06-12 01:07:04Z [DATA] Vehicle Deleted aba3c7fa-f7d5-47b4-8709-2775d251852a
2025-06-12 01:08:01Z [DATA] Vehicle Added a984da79-a0ae-4359-81be-2021160ffd1f
2025-06-12 01:08:29Z [DATA] Vehicle Updated a984da79-a0ae-4359-81be-2021160ffd1f
2025-06-12 01:09:43Z [DATA] Vehicle Deleted 0100c603-be4a-4a78-9a15-11f8046ca31f
2025-06-12 01:13:53Z [DATA] Vehicle Added 053022b6-8c4f-4f6a-9598-3bae5078bef3
2025-06-12 01:15:03Z [DATA] Service Added cb03d489-e1c8-4bd3-af7b-9121e8914a47
2025-06-12 01:26:38Z [DATA] Service Categories Updated for cb03d489-e1c8-4bd3-af7b-9121e8914a47
2025-06-12 01:28:25Z [DATA] Service Categories Updated for cb03d489-e1c8-4bd3-af7b-9121e8914a47
2025-06-12 01:28:56Z [DATA] Service Categories Updated for cb03d489-e1c8-4bd3-af7b-9121e8914a47
2025-06-12 01:32:20Z [DATA] Service Categories Updated for cb03d489-e1c8-4bd3-af7b-9121e8914a47
2025-06-12 01:34:28Z [DATA] Category Added 78a8242f-4fe2-4fc3-ba9c-f4863a3dccb2
2025-06-12 01:35:25Z [DATA] Service Categories Updated for cb03d489-e1c8-4bd3-af7b-9121e8914a47
2025-06-12 01:38:04Z [DATA] Service Added 70c5c5c7-8027-41ce-942d-3ba32438be07
2025-06-12 01:40:37Z [DATA] Service Soft Deleted 70c5c5c7-8027-41ce-942d-3ba32438be07
2025-06-12 01:47:04Z [DATA] ServiceRecord Added e0876d47-0ca9-470c-b552-0ba526589931
2025-06-12 01:52:14Z [DATA] Service Added 4c43862e-ee00-42f0-b82c-4a2d3850648f
2025-06-12 01:52:28Z [DATA] ServiceRecord Added fac539dc-afe5-4cda-89da-1f4f2ff2d667
2025-06-12 02:00:24Z [DATA] ServiceRecord Status Updated e0876d47-0ca9-470c-b552-0ba526589931
2025-06-12 02:05:04Z [DATA] Bill Added 7ec75781-825d-4436-a2c0-7c297769706a
2025-06-12 02:05:38Z [DATA] Bill Downloaded 7ec75781-825d-4436-a2c0-7c297769706a
2025-06-12 02:22:52Z [DATA] Customer Registered abc2@gmail.com
2025-06-12 02:24:40Z [DATA] Customer Deleted abc2@gmail.com
2025-06-12 02:25:56Z [DATA] Customer Registered abc3@gmail.com
2025-06-12 02:26:37Z [DATA] Mechanic Registered abc4@gmail.com
2025-06-12 02:27:39Z [DATA] Mechanic Deleted abc4@gmail.com
2025-06-12 12:30:09Z [DATA] Bill Downloaded 7ec75781-825d-4436-a2c0-7c297769706a
2025-06-12 12:53:47Z [DATA] Bill Downloaded 7ec75781-825d-4436-a2c0-7c297769706a
2025-06-12 19:39:56Z [DATA] Customer Registered abc5@gmail.com
2025-06-12 19:46:12Z [DATA] Customer Registered abc6@gmail.com
2025-06-12 19:46:55Z [DATA] Customer Updated abc6@gmail.com
2025-06-12 19:54:33Z [DATA] Customer Registered abc7@gmail.com
2025-06-12 19:54:42Z [DATA] Customer Updated abc7@gmail.com
2025-06-12 20:18:29Z [DATA] Category Added d23d39db-1f9e-4c15-83ac-f70e7bf44bff
2025-06-12 20:23:04Z [DATA] Updated Deleted d23d39db-1f9e-4c15-83ac-f70e7bf44bff
2025-06-12 20:27:05Z [DATA] Mechanic Registered abc8@gmail.com
2025-06-12 20:28:04Z [DATA] Mechanic Registered abc9@gmail.com
2025-06-12 20:45:03Z [DATA] Mechanic Registered abc10@gmail.com
2025-06-12 20:58:43Z [DATA] Vehicle Added 24bca63e-002e-4b3d-947b-2d367418dea4
2025-06-12 20:59:30Z [DATA] Vehicle Updated 24bca63e-002e-4b3d-947b-2d367418dea4
2025-06-12 21:05:11Z [DATA] Category Added 0533b1f0-2b30-4f3c-83cb-1cb2fa20c40d
2025-06-12 21:05:21Z [DATA] Updated Deleted 0533b1f0-2b30-4f3c-83cb-1cb2fa20c40d
2025-06-12 21:10:17Z [DATA] Customer Registered abc12@gmail.com
2025-06-12 21:11:30Z [DATA] Booking Created 5eda22e8-620f-4caa-8d37-16fb759e186e
2025-06-12 21:12:37Z [DATA] Service Added 252516aa-488a-4d88-a90c-77b2883c8929
2025-06-12 21:12:44Z [DATA] ServiceRecord Added 6dc4cfe6-e671-4ccc-bd82-3c4d2bd8ff79
2025-06-12 21:14:53Z [DATA] Bill Added VSM.DTO.BillDisplayDto
2025-06-12 21:15:59Z [DATA] Booking Created 1cdbd507-a06f-4fac-a690-6036d6d9360f
2025-06-12 21:16:19Z [DATA] Service Added a74dbfce-b357-4488-838d-138700d159df
2025-06-12 21:16:24Z [DATA] ServiceRecord Added 01f6ae3e-5d97-4d28-afd6-fe21eeefb3c0
2025-06-12 21:16:35Z [DATA] Bill Added VSM.DTO.BillDisplayDto
2025-06-12 21:17:35Z [DATA] Bill Downloaded 1c47d956-05ff-4129-ac75-97f4d5c74b97
2025-06-12 21:21:26Z [DATA] Customer Registered abc13@gmail.com
2025-06-12 21:21:45Z [DATA] Booking Created 8712ae69-4771-4f74-9848-9e85679971e7
2025-06-12 21:22:45Z [DATA] Customer Updated abc13@gmail.com
2025-06-12 21:24:32Z [DATA] Bill Downloaded 1c47d956-05ff-4129-ac75-97f4d5c74b97
2025-06-12 23:50:17Z [DATA] Booking Created 8b155b0d-6eab-4f1b-b3e5-b0008e260048
2025-06-13 13:37:01Z [DATA] Mechanic Registered mech1@gmail.com
2025-06-21 19:09:40Z [DATA] Customer Registered gowtham@gmail.com
2025-06-21 20:57:27Z [DATA] Customer Registered sg@gmail.com
2025-06-21 21:03:09Z [DATA] Customer Registered sg1@gmail.com
2025-06-22 15:34:20Z [DATA] Customer Updated sg@gmail.com
2025-06-22 18:33:04Z [DATA] Booking Created 3ff6231d-49f6-48ac-84d4-739a20898924
2025-06-22 18:34:58Z [DATA] Booking Created 4fbfbced-c56a-4515-9195-66ff48969d70
2025-06-22 20:59:49Z [DATA] Booking Created 44d09eeb-c2ba-4f0b-9e04-a86460caaa66
2025-06-23 15:32:05Z [DATA] Booking Cancelled 3ff6231d-49f6-48ac-84d4-739a20898924
2025-06-23 15:33:31Z [DATA] Booking Cancelled 4fbfbced-c56a-4515-9195-66ff48969d70
2025-06-23 15:38:03Z [DATA] Booking Cancelled 44d09eeb-c2ba-4f0b-9e04-a86460caaa66
2025-06-23 15:40:10Z [DATA] Booking Created fb159bbe-8792-459f-8ef4-957ff3f4666c
2025-06-23 17:32:12Z [DATA] Customer Registered admin@gmail.com
2025-06-23 18:07:56Z [DATA] Mechanic Registered mech@gmail.com
2025-06-24 13:02:07Z [DATA] Category Added 65daee0a-6da9-4baf-8563-0a0dfd969e9f
2025-06-24 13:02:24Z [DATA] Category Added 340070cd-f56f-4ae2-a02f-8f2731a41222
2025-06-24 13:02:40Z [DATA] Category Added 4fc0b690-bc35-4951-a222-5e60f8b6fd82
2025-06-24 13:08:31Z [DATA] Category Added 4db9a41c-e735-4c55-ada3-4f232d600c88
2025-06-24 13:27:49Z [DATA] Category Added cdff7d0c-f125-4201-ae15-76457a9af571
2025-06-24 13:36:47Z [DATA] Category Added e982d1fe-6a1b-4e35-a678-ed4f37c0f720
2025-06-24 13:51:17Z [DATA] Category Added 1fd155af-77d2-4a66-b03f-17ec56919ad4
2025-06-24 13:55:12Z [DATA] Category Added 7223f05b-ebe7-4a9e-820a-e6c9f768d82f
2025-06-24 13:55:16Z [DATA] Category Added 543daf36-7f9a-4f35-9388-915b7882fb9a
2025-06-24 13:55:43Z [DATA] Category Added 3b3d0b00-2d82-496e-a50e-eaf4ca3764af
2025-06-24 14:43:26Z [DATA] Booking Created 955689d5-0219-4df7-9817-52fe0d8337bd
2025-06-24 14:44:27Z [DATA] Booking Created 01061475-7d46-419a-98f6-bb092adb3a21
2025-06-24 14:44:35Z [DATA] Booking Cancelled 955689d5-0219-4df7-9817-52fe0d8337bd
2025-06-24 15:13:25Z [DATA] Customer Updated admin@gmail.com
2025-06-24 16:17:18Z [DATA] Booking Created 8b4663f0-b260-4cad-b917-0e56a34aaf83
2025-06-24 16:17:48Z [DATA] Booking Cancelled 01061475-7d46-419a-98f6-bb092adb3a21
2025-06-24 16:17:50Z [DATA] Booking Cancelled fb159bbe-8792-459f-8ef4-957ff3f4666c
2025-06-24 16:20:50Z [DATA] Booking Cancelled 8b4663f0-b260-4cad-b917-0e56a34aaf83
2025-06-24 16:39:00Z [DATA] Booking Created cf809f7c-9336-4f30-b7ad-f19c4cfca103
2025-06-24 18:48:35Z [DATA] Booking Cancelled cf809f7c-9336-4f30-b7ad-f19c4cfca103
2025-06-24 19:20:08Z [DATA] Booking Created dabb3fc8-ec9a-45d5-9260-dd9b59efdd64
2025-06-24 20:41:22Z [DATA] Category Deleted 1fd155af-77d2-4a66-b03f-17ec56919ad4
2025-06-24 20:41:28Z [DATA] Category Deleted 543daf36-7f9a-4f35-9388-915b7882fb9a
2025-06-24 20:41:30Z [DATA] Category Deleted 7223f05b-ebe7-4a9e-820a-e6c9f768d82f
2025-06-24 20:41:46Z [DATA] Category Deleted 3b3d0b00-2d82-496e-a50e-eaf4ca3764af
2025-06-24 20:42:27Z [DATA] Category Added c71c12f9-26a9-4b4c-82c3-e828dd5c1a55
2025-06-24 20:42:32Z [DATA] Category Deleted c71c12f9-26a9-4b4c-82c3-e828dd5c1a55
2025-06-24 20:43:48Z [DATA] Category Added e8de7472-a879-480a-a11a-0502382d7074
2025-06-24 20:43:52Z [DATA] Category Deleted e8de7472-a879-480a-a11a-0502382d7074
2025-06-24 20:44:39Z [DATA] Category Deleted e982d1fe-6a1b-4e35-a678-ed4f37c0f720
2025-06-24 20:44:41Z [DATA] Category Deleted cdff7d0c-f125-4201-ae15-76457a9af571
2025-06-24 20:44:43Z [DATA] Category Deleted 4db9a41c-e735-4c55-ada3-4f232d600c88
2025-06-24 20:45:03Z [DATA] Category Added 1dd19700-cea8-482c-863d-ff128551c174
2025-06-24 20:45:07Z [DATA] Category Deleted 1dd19700-cea8-482c-863d-ff128551c174
2025-06-24 20:45:40Z [DATA] Category Added 97b2afdd-660d-4db0-825a-26ccc478d3e9
2025-06-24 20:45:43Z [DATA] Category Deleted 97b2afdd-660d-4db0-825a-26ccc478d3e9
2025-06-24 20:46:17Z [DATA] Category Added 1dd26a63-8c99-418b-bc67-7426f90f7ed3
2025-06-24 20:46:20Z [DATA] Category Deleted 1dd26a63-8c99-418b-bc67-7426f90f7ed3
2025-06-24 20:46:46Z [DATA] Category Added cb59079e-3423-42c4-81d1-f31e7d9d39a2
2025-06-24 20:46:55Z [DATA] Category Deleted cb59079e-3423-42c4-81d1-f31e7d9d39a2
2025-06-24 20:47:29Z [DATA] Category Added e364816b-bffc-4b04-8dd5-ff9386e5c04d
2025-06-24 20:47:34Z [DATA] Category Deleted e364816b-bffc-4b04-8dd5-ff9386e5c04d
2025-06-24 20:48:55Z [DATA] Category Added eb16dbf7-f53f-4d51-b39f-a8fa4cd343e0
2025-06-24 20:49:04Z [DATA] Category Deleted eb16dbf7-f53f-4d51-b39f-a8fa4cd343e0
2025-06-24 20:54:37Z [DATA] Category Added 3b73fbce-3c2d-4c94-a645-76b1adc3a95a
2025-06-24 20:54:43Z [DATA] Category Deleted 3b73fbce-3c2d-4c94-a645-76b1adc3a95a
2025-06-24 20:55:56Z [DATA] Category Added 9e6944d2-9748-4c9e-b436-329d7c1c84d8
2025-06-24 20:55:58Z [DATA] Category Deleted 9e6944d2-9748-4c9e-b436-329d7c1c84d8
2025-06-24 20:56:18Z [DATA] Category Added c35196b0-5031-46da-80fb-5c6eb1547260
2025-06-24 20:56:24Z [DATA] Category Deleted c35196b0-5031-46da-80fb-5c6eb1547260
2025-06-24 20:56:46Z [DATA] Category Added 1b611278-e1ab-40c2-bfa2-a2be20b414dc
2025-06-24 20:56:51Z [DATA] Updated Deleted 1b611278-e1ab-40c2-bfa2-a2be20b414dc
2025-06-24 20:56:53Z [DATA] Updated Deleted 1b611278-e1ab-40c2-bfa2-a2be20b414dc
2025-06-24 20:56:54Z [DATA] Updated Deleted 1b611278-e1ab-40c2-bfa2-a2be20b414dc
2025-06-24 20:56:55Z [DATA] Updated Deleted 1b611278-e1ab-40c2-bfa2-a2be20b414dc
2025-06-24 20:56:55Z [DATA] Updated Deleted 1b611278-e1ab-40c2-bfa2-a2be20b414dc
2025-06-24 20:56:55Z [DATA] Updated Deleted 1b611278-e1ab-40c2-bfa2-a2be20b414dc
2025-06-24 20:56:56Z [DATA] Updated Deleted 1b611278-e1ab-40c2-bfa2-a2be20b414dc
2025-06-24 20:56:56Z [DATA] Updated Deleted 1b611278-e1ab-40c2-bfa2-a2be20b414dc
2025-06-24 20:56:56Z [DATA] Updated Deleted 1b611278-e1ab-40c2-bfa2-a2be20b414dc
2025-06-24 20:56:56Z [DATA] Updated Deleted 1b611278-e1ab-40c2-bfa2-a2be20b414dc
2025-06-24 20:57:51Z [DATA] Category Added 1ba88197-401d-426e-8ed6-b6a999e1d598
2025-06-24 20:58:09Z [DATA] Updated Deleted 1ba88197-401d-426e-8ed6-b6a999e1d598
2025-06-24 21:01:24Z [DATA] Category Deleted 1ba88197-401d-426e-8ed6-b6a999e1d598
2025-06-24 21:06:24Z [DATA] Category Added bf09e600-d785-4080-82ea-9fa89c1badd7
2025-06-24 21:06:29Z [DATA] Category Deleted 1b611278-e1ab-40c2-bfa2-a2be20b414dc
2025-06-24 21:06:33Z [DATA] Category Deleted bf09e600-d785-4080-82ea-9fa89c1badd7
2025-06-24 21:11:07Z [DATA] Category Added f94bf41f-1815-4539-886e-71023e189a1d
2025-06-24 21:11:30Z [DATA] Updated Deleted f94bf41f-1815-4539-886e-71023e189a1d
2025-06-24 21:11:34Z [DATA] Category Deleted f94bf41f-1815-4539-886e-71023e189a1d
2025-06-24 21:18:15Z [DATA] Category Added 9c6dc9c6-286f-4488-ab2d-d6ded3177e07
2025-06-24 21:19:59Z [DATA] Category Added e25b2834-92f8-412e-922c-4642be6b9d75
2025-06-24 21:20:53Z [DATA] Category Deleted e25b2834-92f8-412e-922c-4642be6b9d75
2025-06-24 21:28:10Z [DATA] Updated Deleted 9c6dc9c6-286f-4488-ab2d-d6ded3177e07
2025-06-24 21:28:39Z [DATA] Updated Deleted 9c6dc9c6-286f-4488-ab2d-d6ded3177e07
2025-06-24 21:29:02Z [DATA] Category Added 58fa2680-37a9-4b49-a86d-dc0409ab12a4
2025-06-24 21:29:11Z [DATA] Category Added ccd7261c-ddfb-40c2-b5b3-3f2d6ac25413
2025-06-24 21:29:16Z [DATA] Category Added 9ea4b2d2-58cb-4332-8780-e3eed4edd750
2025-06-24 21:29:20Z [DATA] Category Added 31041ded-4e69-417f-8beb-ed81caada9df
2025-06-24 21:47:13Z [DATA] Category Deleted 9c6dc9c6-286f-4488-ab2d-d6ded3177e07
2025-06-24 23:26:18Z [DATA] Mechanic Updated mech@gmail.com
2025-06-25 12:19:07Z [DATA] Vehicle Added 8d73e234-9ebb-41f3-99ad-7dc8950b8668
2025-06-25 14:33:07Z [DATA] Vehicle Added aa1bebdd-3776-4d6c-a81d-6362fe74ebbb
2025-06-25 22:08:50Z [DATA] Vehicle Added 857df567-b577-4e54-8922-6137501216d2
2025-06-26 15:51:08Z [DATA] Booking Cancelled dabb3fc8-ec9a-45d5-9260-dd9b59efdd64
2025-06-26 15:52:45Z [DATA] Booking Created cc9e6b4b-0238-4035-8ac9-954eea3aad54
2025-06-26 15:52:59Z [DATA] Booking Cancelled cc9e6b4b-0238-4035-8ac9-954eea3aad54
2025-06-26 15:54:23Z [DATA] Booking Created 5acfa97f-21a1-4104-8b9b-96e79b10f2da
2025-06-26 15:54:39Z [DATA] Booking Cancelled 5acfa97f-21a1-4104-8b9b-96e79b10f2da
2025-06-26 15:55:02Z [DATA] Customer Updated admin@gmail.com
2025-06-26 16:45:56Z [DATA] Booking Created 541322af-8ea2-4583-9cb8-6509da37b591
2025-06-26 18:03:13Z [DATA] Booking Created d300512a-9703-4f35-8b7f-42f33f363890
2025-06-26 18:04:21Z [DATA] Service Added 7f4594db-800c-41da-963d-1ac086e71873
2025-06-26 18:06:31Z [DATA] Service Added 1351f1b5-a719-4508-b149-803c58334f59
2025-06-26 18:09:40Z [DATA] Service Added ccfab84e-f42a-44e4-afcd-54e3c626de1f
2025-06-26 18:09:40Z [DATA] ServiceRecord Added a385ed6a-a9be-4b18-98e4-f24da05930d7
2025-06-26 18:09:45Z [DATA] Service Added f27fa1a0-ed4e-4413-b2a9-6de88b1d6198
2025-06-26 18:09:48Z [DATA] Service Added b55c5fb7-4b35-4c71-8cda-49588ed69ae3
2025-06-26 18:10:25Z [DATA] Service Added 06224680-78cc-4a2e-852d-9b242da271d6
2025-06-26 18:11:12Z [DATA] Service Added cf693438-dead-40d9-ba4c-00272c4107e2
2025-06-26 18:11:16Z [DATA] Service Added 693ffb01-89d7-4090-8834-4ce7f45e8646
2025-06-26 18:11:18Z [DATA] Service Added 158a03e4-4b9d-44dc-8135-76bbfd2a3028
2025-06-26 18:41:08Z [DATA] Service Added 07750aef-5841-4d3a-be8c-9a4f00abf934
2025-06-26 18:41:35Z [DATA] Service Added 9fecb3a8-9a83-4959-befa-57cc3df6aa20
2025-06-26 18:41:40Z [DATA] Service Added 6a355f9d-913b-4829-bffe-f24cb9dda4a4
2025-06-26 18:47:52Z [DATA] Service Added 9f5bff76-5417-41b1-adc6-6ae85317aedd
2025-06-26 18:47:56Z [DATA] Service Added 581d7725-7e85-4030-bcd7-1c03b6575fe8
2025-06-26 18:48:00Z [DATA] Service Added 06b7932e-3cee-4cdd-803a-3fe43ef65af6
2025-06-26 18:50:46Z [DATA] Service Added b85ba1fd-13e0-4f64-acd4-1a9cb817c4be
2025-06-26 18:51:35Z [DATA] Service Added 41975b72-9eba-43ce-91bc-6125b795b6bb
2025-06-26 18:56:01Z [DATA] Service Added 1684b42f-c025-491b-9dc2-a5cf1f4b4d86
2025-06-26 18:56:07Z [DATA] Service Added aa9870d1-dbd0-4549-8af0-ad10f38e1d17
2025-06-26 18:56:39Z [DATA] Service Added ca1e6141-9c0d-483f-b929-4989e2c55f94
2025-06-26 18:58:23Z [DATA] Service Added 28fdad89-d543-45e4-87bf-f8898de526b2
2025-06-26 18:58:31Z [DATA] Service Added 4ec9399b-d51c-4a28-8d71-461698079cfe
2025-06-26 19:06:42Z [DATA] Service Added 8aef355c-54a7-4c64-a318-0bbccaacd663
2025-06-26 19:10:33Z [DATA] Service Added 00d64b61-4794-4e31-8c95-c47522da8502
2025-06-26 19:14:20Z [DATA] Service Added 69432bb3-699e-49d6-960b-30922b4ffc31
2025-06-26 19:16:31Z [DATA] Service Added 9ca8bf70-b275-4c38-9026-3fd03d361515
2025-06-26 19:17:30Z [DATA] Service Added 1535688e-13bd-4c8d-8707-2910fa8f5d2d
2025-06-26 19:17:35Z [DATA] Service Added 2d8a4f99-c107-44a6-9160-3ff8c9f7a563
2025-06-26 19:18:22Z [DATA] Service Added 2cbf1b04-42ca-4ed8-9b12-7fdee62d4215
2025-06-26 19:18:27Z [DATA] Service Added 0297bd0f-21a0-4bbe-a4fc-45f8c3ddedb0
2025-06-26 19:20:00Z [DATA] Service Added 2313ce82-6afc-42ae-9a48-c1a9030ef4c2
2025-06-26 19:22:24Z [DATA] Service Added 247e6e6d-e69c-440d-a31d-bafa087e4858
2025-06-26 19:23:30Z [DATA] Service Added 69bc1c89-5599-41c0-bdd2-84a9fcbd553e
2025-06-26 19:23:34Z [DATA] Service Added 942108bf-5850-46aa-aaef-eb317adb24ad
2025-06-26 23:42:31Z [DATA] Vehicle Added b18c6912-df41-422e-bb16-c917e7ee9f13
2025-06-26 23:44:09Z [DATA] Vehicle Added 17df491a-07fa-4875-9ece-6faa50286e31
2025-06-27 00:35:56Z [DATA] Service Added 883cc57d-5cde-4fe7-9b92-7bcaae55c4a2
2025-06-27 00:36:44Z [DATA] Booking Cancelled d300512a-9703-4f35-8b7f-42f33f363890
2025-06-27 00:37:14Z [DATA] Booking Cancelled 541322af-8ea2-4583-9cb8-6509da37b591
2025-06-27 00:37:43Z [DATA] Booking Created 39339d1b-8b65-4d32-9fb3-34d0c40d975b
2025-06-27 00:38:22Z [DATA] Service Added f8eb469b-252b-421c-b109-cf127ac05292
2025-06-27 00:38:22Z [DATA] ServiceRecord Added 4b294334-2c7a-4656-ad06-04f195ab74bf
2025-06-27 10:23:41Z [DATA] Category Deleted 58fa2680-37a9-4b49-a86d-dc0409ab12a4
2025-06-27 14:22:44Z [DATA] Service Added 5497751b-004a-4b4b-8729-da40f748395b
2025-06-27 14:22:48Z [DATA] Service Added 322f1f15-8729-4f71-9e2e-b2e0acf9d1b9
2025-06-27 14:45:21Z [DATA] Booking Created 4f7db861-b6c5-4432-b3ab-be19b2e6bf45
2025-06-27 14:49:16Z [DATA] Booking Cancelled 4f7db861-b6c5-4432-b3ab-be19b2e6bf45
2025-06-27 15:54:15Z [DATA] Customer Registered Mano@gmail.com
2025-06-28 15:31:48Z [DATA] ServiceRecord Status Updated 4b294334-2c7a-4656-ad06-04f195ab74bf
2025-06-28 15:31:58Z [DATA] ServiceRecord Status Updated a385ed6a-a9be-4b18-98e4-f24da05930d7
2025-06-28 16:34:51Z [DATA] ServiceRecord Status Updated 4b294334-2c7a-4656-ad06-04f195ab74bf
2025-06-28 16:34:53Z [DATA] ServiceRecord Status Updated 4b294334-2c7a-4656-ad06-04f195ab74bf
2025-06-28 16:36:56Z [DATA] ServiceRecord Status Updated 4b294334-2c7a-4656-ad06-04f195ab74bf
2025-06-28 16:36:57Z [DATA] ServiceRecord Status Updated 4b294334-2c7a-4656-ad06-04f195ab74bf
2025-06-28 16:37:41Z [DATA] ServiceRecord Status Updated 4b294334-2c7a-4656-ad06-04f195ab74bf
2025-06-28 16:37:43Z [DATA] ServiceRecord Status Updated 4b294334-2c7a-4656-ad06-04f195ab74bf
2025-06-28 16:37:44Z [DATA] ServiceRecord Status Updated 4b294334-2c7a-4656-ad06-04f195ab74bf
2025-06-28 16:38:53Z [DATA] Bill Added VSM.DTO.BillDisplayDto
2025-06-28 16:40:43Z [DATA] Bill Added VSM.DTO.BillDisplayDto
2025-06-28 16:44:47Z [DATA] Bill Added VSM.DTO.BillDisplayDto
2025-06-28 16:46:59Z [DATA] ServiceRecord Status Updated 4b294334-2c7a-4656-ad06-04f195ab74bf
2025-06-28 16:46:59Z [DATA] ServiceRecord Status Updated 4b294334-2c7a-4656-ad06-04f195ab74bf
2025-06-28 16:48:18Z [DATA] ServiceRecord Status Updated 4b294334-2c7a-4656-ad06-04f195ab74bf
2025-06-28 16:48:49Z [DATA] Bill Added VSM.DTO.BillDisplayDto
2025-06-28 18:21:57Z [DATA] ServiceRecord Status Updated a385ed6a-a9be-4b18-98e4-f24da05930d7
2025-06-28 18:28:25Z [DATA] ServiceRecord Status Updated 4b294334-2c7a-4656-ad06-04f195ab74bf
2025-06-28 18:28:27Z [DATA] ServiceRecord Status Updated 4b294334-2c7a-4656-ad06-04f195ab74bf
2025-06-28 18:29:31Z [DATA] ServiceRecord Status Updated 4b294334-2c7a-4656-ad06-04f195ab74bf
2025-06-28 18:29:32Z [DATA] ServiceRecord Status Updated 4b294334-2c7a-4656-ad06-04f195ab74bf
2025-06-28 18:30:51Z [DATA] ServiceRecord Status Updated 4b294334-2c7a-4656-ad06-04f195ab74bf
2025-06-28 18:30:52Z [DATA] ServiceRecord Status Updated 4b294334-2c7a-4656-ad06-04f195ab74bf
2025-06-28 18:49:47Z [DATA] Booking Created 53c08a60-76d3-4ff4-8dea-d2da4f577948
2025-06-28 18:50:25Z [DATA] Booking Created 68644d92-d141-4e1d-a264-1c30401c2cb4
2025-06-28 18:51:21Z [DATA] Booking Created 38832747-b25d-4804-9dfb-f5c479ec08db
2025-06-28 18:53:43Z [DATA] Booking Created 59dc587e-55a3-410d-ad51-d83a64ed5d09
2025-06-28 18:57:14Z [DATA] Booking Created 741fe0b9-e79d-4845-9572-928d137663dc
2025-06-28 18:57:51Z [DATA] Booking Created d5ab456f-aa44-47c8-a1cd-b87c12c2b4a6
2025-06-28 18:59:19Z [DATA] Vehicle Added e6f8c8a2-d9f2-4b6e-8a85-487d380c0c10
2025-06-28 19:05:52Z [DATA] Customer Registered Customer1@gmail.com
2025-06-28 19:06:29Z [DATA] Customer Registered Admin@gmail.com
2025-06-28 19:06:48Z [DATA] Customer Registered Mech@gmail.com
2025-06-28 19:28:13Z [DATA] Mechanic Registered Mechanic@gmail.com
2025-06-28 19:52:21Z [DATA] Booking Created 0ac1a90d-1ae3-485d-9e4f-3b8cecc50426
2025-06-28 20:02:38Z [DATA] Vehicle Added b8583e5f-0525-4e62-aac6-a464cc49e7b5
2025-06-28 20:07:06Z [DATA] Service Added 45651eee-b6d8-48fe-935a-e019eeb9fabe
2025-06-28 20:07:06Z [DATA] ServiceRecord Added 195e812c-454e-421d-9a85-1ef41685327e
2025-06-28 20:07:09Z [DATA] Service Added af42644e-100c-4a2b-95bb-4df6be0c27c2
2025-06-28 20:07:31Z [DATA] ServiceRecord Status Updated 195e812c-454e-421d-9a85-1ef41685327e
2025-06-28 20:11:35Z [DATA] Bill Added VSM.DTO.BillDisplayDto
2025-06-28 20:11:53Z [DATA] ServiceRecord Status Updated 195e812c-454e-421d-9a85-1ef41685327e
2025-06-28 20:11:55Z [DATA] ServiceRecord Status Updated 195e812c-454e-421d-9a85-1ef41685327e
2025-06-28 22:27:49Z [DATA] Booking Created c372282c-ed9a-4839-9f29-ec619d94de81
2025-06-28 22:29:16Z [DATA] Service Added 59565745-3d67-418f-9020-44aee3b6170a
2025-06-28 22:29:16Z [DATA] ServiceRecord Added 0ab6791b-0eb6-4b1c-890d-fa00f27e9d79
2025-06-28 22:31:44Z [DATA] Service Added 7aaa66a2-f83e-419b-a023-1525b0d2128d
2025-06-28 22:31:44Z [DATA] ServiceRecord Added ee5e6d62-ff90-4fc9-9c36-aba6ea5488c2
2025-06-28 22:35:05Z [DATA] Service Added a30a4060-8548-4d4d-9a3d-84ea7bf63c64
2025-06-28 22:35:10Z [DATA] Service Added 96ad2a5b-c897-42d2-8fec-a709e494b117
2025-06-28 22:35:10Z [DATA] ServiceRecord Added 0aeb03a2-05aa-489d-8bcb-a982bf8cd553
2025-06-28 22:37:25Z [DATA] Service Added 6b6f8ea0-97f8-40b9-ad2e-566c650d1c80
2025-06-28 22:37:25Z [DATA] ServiceRecord Added ddeb3241-7c31-4bea-a06b-b54d177dbc49
2025-06-28 22:37:25Z [DATA] Booking Updated c372282c-ed9a-4839-9f29-ec619d94de81
2025-06-28 22:45:09Z [DATA] Booking Cancelled 0ac1a90d-1ae3-485d-9e4f-3b8cecc50426
2025-06-29 00:01:14Z [DATA] Bill Added VSM.DTO.BillDisplayDto
2025-06-29 00:01:28Z [DATA] ServiceRecord Status Updated ddeb3241-7c31-4bea-a06b-b54d177dbc49
2025-06-29 00:05:03Z [DATA] ServiceRecord Status Updated 195e812c-454e-421d-9a85-1ef41685327e
2025-06-29 00:05:21Z [DATA] Bill Added VSM.DTO.BillDisplayDto
2025-06-29 00:05:21Z [DATA] ServiceRecord Status Updated 195e812c-454e-421d-9a85-1ef41685327e
2025-06-29 00:05:32Z [DATA] Bill Added VSM.DTO.BillDisplayDto
2025-06-29 00:05:32Z [DATA] ServiceRecord Status Updated ddeb3241-7c31-4bea-a06b-b54d177dbc49
2025-06-29 00:40:49Z [DATA] Status Updated c27aedc8-92c4-46f9-9c68-4e9608623bf1
2025-06-29 01:11:56Z [DATA] Bill Downloaded c27aedc8-92c4-46f9-9c68-4e9608623bf1
2025-06-29 01:14:00Z [DATA] Bill Downloaded c27aedc8-92c4-46f9-9c68-4e9608623bf1
2025-06-29 01:14:47Z [DATA] Bill Downloaded c27aedc8-92c4-46f9-9c68-4e9608623bf1
2025-06-29 01:15:01Z [DATA] Bill Downloaded e906d915-40f9-4ed3-ad03-9b6c0cabdaac
2025-06-29 01:16:04Z [DATA] Bill Downloaded c27aedc8-92c4-46f9-9c68-4e9608623bf1
2025-06-29 13:05:27Z [DATA] Bill Downloaded e906d915-40f9-4ed3-ad03-9b6c0cabdaac
2025-06-29 13:27:18Z [DATA] Status Updated c27aedc8-92c4-46f9-9c68-4e9608623bf1
2025-06-29 13:31:04Z [DATA] Status Updated e906d915-40f9-4ed3-ad03-9b6c0cabdaac
2025-06-29 21:12:00Z [DATA] Booking Created 7d40ba59-f6f8-4274-8570-be0e1a1eff93
2025-06-29 21:34:00Z [DATA] Booking Created 6a4abcdd-352e-4c89-b369-544e7f84f91d
2025-06-30 01:33:54Z [DATA] Service Added d91ad6c8-1231-437b-ad1b-6c2aa9a5e529
2025-06-30 01:33:54Z [DATA] ServiceRecord Added 3ee0670b-22de-441e-8b3a-d9eaa8de6652
2025-06-30 01:33:54Z [DATA] Booking Updated 6a4abcdd-352e-4c89-b369-544e7f84f91d
2025-06-30 01:34:46Z [DATA] Bill Added VSM.DTO.BillDisplayDto
2025-06-30 01:34:46Z [DATA] ServiceRecord Status Updated 3ee0670b-22de-441e-8b3a-d9eaa8de6652
2025-06-30 01:35:04Z [DATA] Status Updated 8d1757a9-301e-4b9c-b8db-ab37a95a8b16
2025-06-30 14:24:50Z [DATA] Booking Cancelled 7d40ba59-f6f8-4274-8570-be0e1a1eff93
2025-06-30 14:25:19Z [DATA] Booking Created d8a1c802-fe28-4a4b-9eed-17b78dd3f739
2025-06-30 14:27:53Z [DATA] Booking Cancelled d8a1c802-fe28-4a4b-9eed-17b78dd3f739
2025-06-30 14:33:33Z [DATA] Booking Created 4487bec6-1574-41ff-be89-e7e77c040fda
2025-06-30 14:35:36Z [DATA] Service Added cf474f98-f934-459a-a8d4-fc0b3d991823
2025-06-30 14:35:36Z [DATA] ServiceRecord Added 6677f146-35c9-407d-8a64-d080fd50bfe8
2025-06-30 14:35:37Z [DATA] Booking Updated 4487bec6-1574-41ff-be89-e7e77c040fda
2025-06-30 14:52:33Z [DATA] Booking Created 5c2c65ac-d783-433c-9773-b00f451eb49d
2025-06-30 15:03:40Z [DATA] Booking Created 5759ad35-7bd3-4268-88c6-ab0c5244b3b0
2025-06-30 15:07:12Z [DATA] Booking Cancelled 5c2c65ac-d783-433c-9773-b00f451eb49d
2025-06-30 15:26:17Z [DATA] Customer Updated Customer1@gmail.com
2025-06-30 15:26:36Z [DATA] Mechanic Updated Mechanic@gmail.com
2025-06-30 15:26:48Z [DATA] Customer Updated Admin@gmail.com
2025-06-30 18:44:51Z [DATA] Booking Cancelled 5759ad35-7bd3-4268-88c6-ab0c5244b3b0
2025-06-30 19:23:17Z [DATA] Booking Created c15dfa89-cdde-445a-8e0b-bc56f8aa4b1d
2025-06-30 19:26:23Z [DATA] Service Added 4ae11f80-db01-48ca-989f-7a0ec69f627a
2025-06-30 19:26:23Z [DATA] ServiceRecord Added a7d25afa-de8d-4d22-a5b6-dce3cc42925d
2025-06-30 19:26:23Z [DATA] Booking Updated c15dfa89-cdde-445a-8e0b-bc56f8aa4b1d
2025-06-30 19:27:32Z [DATA] Bill Added VSM.DTO.BillDisplayDto
2025-06-30 19:27:32Z [DATA] ServiceRecord Status Updated a7d25afa-de8d-4d22-a5b6-dce3cc42925d
2025-06-30 19:28:28Z [DATA] Status Updated f9efac6f-3b12-404f-859e-a44e0c64762b
2025-06-30 19:30:31Z [DATA] Booking Created a64a0f4b-f475-4e90-8c11-a14a29dbb804
2025-06-30 19:31:15Z [DATA] Service Added 3eedb38f-e9f2-47ac-bf4a-817c1831895b
2025-06-30 19:31:15Z [DATA] ServiceRecord Added 829315d0-9b0d-4f2d-be99-cb57221146cb
2025-06-30 19:31:15Z [DATA] Booking Updated a64a0f4b-f475-4e90-8c11-a14a29dbb804
2025-06-30 19:32:43Z [DATA] ServiceRecord Status Updated 3ee0670b-22de-441e-8b3a-d9eaa8de6652
2025-06-30 19:32:52Z [DATA] ServiceRecord Status Updated 3ee0670b-22de-441e-8b3a-d9eaa8de6652
2025-06-30 19:33:57Z [DATA] Bill Added VSM.DTO.BillDisplayDto
2025-06-30 19:33:57Z [DATA] ServiceRecord Status Updated 829315d0-9b0d-4f2d-be99-cb57221146cb
2025-06-30 19:35:22Z [DATA] Status Updated f60a7b46-074a-4875-84f9-fa7bfd24762e
2025-06-30 19:50:11Z [DATA] Booking Created 035f945c-5d21-4aea-be00-48e5d989e11c
2025-06-30 19:51:04Z [DATA] Service Added fed15b29-137b-4d64-b0cb-ab4275f7ea5c
2025-06-30 19:51:35Z [DATA] Service Added bf0b5562-dd0c-459b-a728-ac95a1c9d19d
2025-06-30 19:51:35Z [DATA] ServiceRecord Added afd21ed2-635b-4013-89b5-0ae1c7743e15
2025-06-30 19:51:35Z [DATA] Booking Updated 035f945c-5d21-4aea-be00-48e5d989e11c
2025-06-30 19:52:03Z [DATA] Bill Added VSM.DTO.BillDisplayDto
2025-06-30 19:52:03Z [DATA] ServiceRecord Status Updated afd21ed2-635b-4013-89b5-0ae1c7743e15
2025-06-30 19:52:18Z [DATA] Status Updated 7a9db62c-dd86-461b-8616-c3b2a789e182
2025-06-30 20:08:13Z [DATA] ServiceRecord Status Updated 6677f146-35c9-407d-8a64-d080fd50bfe8
2025-06-30 20:08:47Z [DATA] Booking Created a2705efc-8b04-4c5a-a6e3-bccbffad05d7
2025-06-30 20:09:17Z [DATA] Service Added a0996a83-38e5-42c5-9905-b903c7fe5554
2025-06-30 20:09:17Z [DATA] ServiceRecord Added 18703fc0-3ffd-4eca-b4b8-3b0568d9fe42
2025-06-30 20:09:17Z [DATA] Booking Updated a2705efc-8b04-4c5a-a6e3-bccbffad05d7
2025-06-30 20:11:32Z [DATA] Vehicle Added 7e968f13-b1c4-45ff-900a-13ed306b7649
2025-06-30 20:48:59Z [DATA] Category Deleted 31041ded-4e69-417f-8beb-ed81caada9df
2025-06-30 20:49:08Z [DATA] Category Deleted 31041ded-4e69-417f-8beb-ed81caada9df
2025-06-30 20:53:25Z [DATA] Category Deleted 31041ded-4e69-417f-8beb-ed81caada9df
2025-06-30 21:13:56Z [DATA] Vehicle Added ac959709-7236-461f-9906-42c355da7fd6
2025-06-30 21:14:31Z [DATA] Booking Created 5b96e457-b62f-4cb3-b87c-740af639fee4
2025-06-30 21:16:19Z [DATA] Category Added 71eae68d-33d1-42b6-b38e-048b8d117141
2025-06-30 21:25:10Z [DATA] Customer Updated Admin@gmail.com
2025-06-30 21:30:14Z [DATA] Customer Updated Admin@gmail.com
2025-06-30 22:09:14Z [DATA] Mechanic Updated Mechanic@gmail.com
2025-06-30 22:09:31Z [DATA] Mechanic Updated Mechanic@gmail.com
2025-06-30 22:11:20Z [DATA] Customer Updated Admin@gmail.com
2025-06-30 23:16:50Z [DATA] Mechanic Updated Mechanic@gmail.com
2025-06-30 23:17:02Z [DATA] Mechanic Updated Mechanic@gmail.com
2025-06-30 23:18:02Z [DATA] Mechanic Updated Mechanic@gmail.com
2025-06-30 23:18:04Z [DATA] Mechanic Updated Mechanic@gmail.com
2025-06-30 23:19:33Z [DATA] Customer Updated Admin@gmail.com
2025-06-30 23:19:40Z [DATA] Customer Updated Admin@gmail.com
2025-06-30 23:21:34Z [DATA] Mechanic Updated Mechanic@gmail.com
2025-06-30 23:21:37Z [DATA] Mechanic Updated Mechanic@gmail.com
2025-06-30 23:21:40Z [DATA] Mechanic Updated Mechanic@gmail.com
2025-06-30 23:21:41Z [DATA] Mechanic Updated Mechanic@gmail.com
2025-06-30 23:21:42Z [DATA] Mechanic Updated Mechanic@gmail.com
2025-06-30 23:21:44Z [DATA] Mechanic Updated Mechanic@gmail.com
2025-06-30 23:22:50Z [DATA] Mechanic Updated Mechanic@gmail.com
2025-06-30 23:22:53Z [DATA] Mechanic Updated Mechanic@gmail.com
2025-06-30 23:22:54Z [DATA] Mechanic Updated Mechanic@gmail.com
2025-06-30 23:22:55Z [DATA] Mechanic Updated Mechanic@gmail.com
2025-06-30 23:22:55Z [DATA] Mechanic Updated Mechanic@gmail.com
2025-06-30 23:22:55Z [DATA] Mechanic Updated Mechanic@gmail.com
2025-06-30 23:22:56Z [DATA] Mechanic Updated Mechanic@gmail.com
2025-06-30 23:22:56Z [DATA] Mechanic Updated Mechanic@gmail.com
2025-06-30 23:24:04Z [DATA] Mechanic Updated Mechanic@gmail.com
2025-06-30 23:24:05Z [DATA] Mechanic Updated Mechanic@gmail.com
2025-06-30 23:24:08Z [DATA] Mechanic Updated Mechanic@gmail.com
2025-06-30 23:24:08Z [DATA] Mechanic Updated Mechanic@gmail.com
2025-06-30 23:24:28Z [DATA] Mechanic Updated Mechanic@gmail.com
2025-06-30 23:24:29Z [DATA] Mechanic Updated Mechanic@gmail.com
2025-06-30 23:24:35Z [DATA] Mechanic Updated Mechanic@gmail.com
2025-06-30 23:24:36Z [DATA] Mechanic Updated Mechanic@gmail.com
2025-06-30 23:24:38Z [DATA] Mechanic Updated Mechanic@gmail.com
2025-06-30 23:24:39Z [DATA] Mechanic Updated Mechanic@gmail.com
2025-06-30 23:24:39Z [DATA] Mechanic Updated Mechanic@gmail.com
2025-06-30 23:25:20Z [DATA] Mechanic Updated Mechanic@gmail.com
2025-06-30 23:25:23Z [DATA] Mechanic Updated Mechanic@gmail.com
2025-06-30 23:25:26Z [DATA] Mechanic Updated Mechanic@gmail.com
2025-06-30 23:25:29Z [DATA] Mechanic Updated Mechanic@gmail.com
2025-06-30 23:25:31Z [DATA] Mechanic Updated Mechanic@gmail.com
2025-06-30 23:25:33Z [DATA] Mechanic Updated Mechanic@gmail.com
2025-06-30 23:25:39Z [DATA] Mechanic Updated Mechanic@gmail.com
2025-06-30 23:26:13Z [DATA] Category Deleted 31041ded-4e69-417f-8beb-ed81caada9df
2025-06-30 23:26:16Z [DATA] Category Deleted 31041ded-4e69-417f-8beb-ed81caada9df
2025-06-30 23:26:17Z [DATA] Category Deleted 31041ded-4e69-417f-8beb-ed81caada9df
2025-06-30 23:27:39Z [DATA] Category Deleted 71eae68d-33d1-42b6-b38e-048b8d117141
2025-06-30 23:27:44Z [DATA] Category Deleted 71eae68d-33d1-42b6-b38e-048b8d117141
2025-06-30 23:28:22Z [DATA] Category Deleted 71eae68d-33d1-42b6-b38e-048b8d117141
2025-06-30 23:28:25Z [DATA] Category Deleted 71eae68d-33d1-42b6-b38e-048b8d117141
2025-06-30 23:28:56Z [DATA] Category Deleted 71eae68d-33d1-42b6-b38e-048b8d117141
2025-06-30 23:29:05Z [DATA] Category Deleted 71eae68d-33d1-42b6-b38e-048b8d117141
2025-06-30 23:29:10Z [DATA] Category Deleted 71eae68d-33d1-42b6-b38e-048b8d117141
2025-06-30 23:29:14Z [DATA] Category Deleted 71eae68d-33d1-42b6-b38e-048b8d117141
2025-06-30 23:29:38Z [DATA] Category Deleted 71eae68d-33d1-42b6-b38e-048b8d117141
2025-06-30 23:29:42Z [DATA] Category Deleted 71eae68d-33d1-42b6-b38e-048b8d117141
2025-06-30 23:32:09Z [DATA] Booking Cancelled 5b96e457-b62f-4cb3-b87c-740af639fee4
2025-07-01 00:30:16Z [DATA] Updated Deleted 9ea4b2d2-58cb-4332-8780-e3eed4edd750
2025-07-01 00:30:32Z [DATA] Updated Deleted 9ea4b2d2-58cb-4332-8780-e3eed4edd750
2025-07-01 00:30:35Z [DATA] Updated Deleted ccd7261c-ddfb-40c2-b5b3-3f2d6ac25413
2025-07-01 00:30:51Z [DATA] Category Deleted ccd7261c-ddfb-40c2-b5b3-3f2d6ac25413
2025-07-01 00:31:01Z [DATA] Category Deleted ccd7261c-ddfb-40c2-b5b3-3f2d6ac25413
2025-07-01 00:39:06Z [DATA] Category Deleted 9ea4b2d2-58cb-4332-8780-e3eed4edd750
2025-07-01 00:39:29Z [DATA] Category Deleted ccd7261c-ddfb-40c2-b5b3-3f2d6ac25413
2025-07-01 00:39:38Z [DATA] Category Deleted ccd7261c-ddfb-40c2-b5b3-3f2d6ac25413
2025-07-01 00:39:39Z [DATA] Category Deleted 9ea4b2d2-58cb-4332-8780-e3eed4edd750
2025-07-01 00:42:39Z [DATA] Category Deleted 71eae68d-33d1-42b6-b38e-048b8d117141
2025-07-01 00:42:41Z [DATA] Category Deleted ccd7261c-ddfb-40c2-b5b3-3f2d6ac25413
2025-07-01 00:42:43Z [DATA] Category Deleted 31041ded-4e69-417f-8beb-ed81caada9df
2025-07-01 00:42:45Z [DATA] Category Deleted 71eae68d-33d1-42b6-b38e-048b8d117141
2025-07-01 00:42:46Z [DATA] Category Deleted 31041ded-4e69-417f-8beb-ed81caada9df
2025-07-01 00:42:47Z [DATA] Category Deleted ccd7261c-ddfb-40c2-b5b3-3f2d6ac25413
2025-07-01 00:42:53Z [DATA] Category Deleted 71eae68d-33d1-42b6-b38e-048b8d117141
2025-07-01 00:42:54Z [DATA] Category Deleted ccd7261c-ddfb-40c2-b5b3-3f2d6ac25413
2025-07-01 00:42:55Z [DATA] Category Deleted 71eae68d-33d1-42b6-b38e-048b8d117141
2025-07-01 00:42:56Z [DATA] Category Deleted ccd7261c-ddfb-40c2-b5b3-3f2d6ac25413
2025-07-01 16:29:33Z [DATA] Mechanic Updated Mechanic@gmail.com
2025-07-01 16:29:36Z [DATA] Mechanic Updated Mechanic@gmail.com
2025-07-01 18:08:39Z [DATA] Category Deleted 31041ded-4e69-417f-8beb-ed81caada9df
2025-07-01 18:08:43Z [DATA] Category Deleted 71eae68d-33d1-42b6-b38e-048b8d117141
2025-07-01 18:08:54Z [DATA] Category Deleted 31041ded-4e69-417f-8beb-ed81caada9df
2025-07-01 18:08:56Z [DATA] Category Deleted 71eae68d-33d1-42b6-b38e-048b8d117141
2025-07-01 18:23:32Z [DATA] Customer Updated Admin@gmail.com
2025-07-01 22:44:12Z [DATA] Bill Added VSM.DTO.BillDisplayDto
2025-07-01 22:44:12Z [DATA] ServiceRecord Status Updated 18703fc0-3ffd-4eca-b4b8-3b0568d9fe42
2025-07-01 22:45:19Z [DATA] Status Updated 13812d55-80eb-4080-afdb-999a8cc0fe7b
2025-07-01 22:45:36Z [DATA] Status Updated 13812d55-80eb-4080-afdb-999a8cc0fe7b
2025-07-01 22:47:46Z [DATA] ServiceRecord Status Updated 18703fc0-3ffd-4eca-b4b8-3b0568d9fe42
2025-07-01 22:47:58Z [DATA] Bill Added VSM.DTO.BillDisplayDto
2025-07-01 22:47:58Z [DATA] ServiceRecord Status Updated 18703fc0-3ffd-4eca-b4b8-3b0568d9fe42
2025-07-01 22:50:34Z [DATA] ServiceRecord Status Updated 18703fc0-3ffd-4eca-b4b8-3b0568d9fe42
2025-07-01 22:50:44Z [DATA] Bill Added VSM.DTO.BillDisplayDto
2025-07-01 22:50:44Z [DATA] ServiceRecord Status Updated 18703fc0-3ffd-4eca-b4b8-3b0568d9fe42
2025-07-01 22:54:57Z [DATA] ServiceRecord Status Updated 18703fc0-3ffd-4eca-b4b8-3b0568d9fe42
2025-07-01 22:55:03Z [DATA] Bill Added VSM.DTO.BillDisplayDto
2025-07-01 22:55:03Z [DATA] ServiceRecord Status Updated 18703fc0-3ffd-4eca-b4b8-3b0568d9fe42
2025-07-01 22:55:38Z [DATA] ServiceRecord Status Updated 18703fc0-3ffd-4eca-b4b8-3b0568d9fe42
2025-07-02 10:00:45Z [DATA] Booking Created ed5ec0fa-4fa6-41a1-b6da-e0845bae35dc
2025-07-02 10:02:27Z [DATA] Booking Cancelled ed5ec0fa-4fa6-41a1-b6da-e0845bae35dc
2025-07-02 10:04:06Z [DATA] Booking Created 02678161-add8-4426-8736-da0cf5948f1a
2025-07-02 10:04:18Z [DATA] Booking Cancelled 02678161-add8-4426-8736-da0cf5948f1a
2025-07-02 10:04:18Z [DATA] Booking Cancelled 02678161-add8-4426-8736-da0cf5948f1a
2025-07-02 10:06:30Z [DATA] Booking Created dc69ea0c-186e-4586-b793-2bdd368ce068
2025-07-02 10:06:39Z [DATA] Booking Cancelled dc69ea0c-186e-4586-b793-2bdd368ce068
2025-07-02 10:08:41Z [DATA] Booking Created fa6be558-57c5-4ab6-87ea-196b199419bb
2025-07-02 10:08:49Z [DATA] Booking Cancelled fa6be558-57c5-4ab6-87ea-196b199419bb
2025-07-02 10:09:59Z [DATA] Booking Created dce5f4fd-8db4-44d2-b34f-592fbffd54c4
2025-07-02 10:10:14Z [DATA] Booking Cancelled dce5f4fd-8db4-44d2-b34f-592fbffd54c4
2025-07-02 17:33:44Z [DATA] Booking Created 9358f56f-713c-4937-8b45-e569a0b73db8
2025-07-02 17:40:09Z [DATA] Booking Cancelled 9358f56f-713c-4937-8b45-e569a0b73db8
2025-07-02 17:44:24Z [DATA] Customer Updated Customer1@gmail.com
2025-07-02 17:47:29Z [DATA] Bill Added VSM.DTO.BillDisplayDto
2025-07-02 17:47:29Z [DATA] ServiceRecord Status Updated 18703fc0-3ffd-4eca-b4b8-3b0568d9fe42
2025-07-02 18:02:39Z [DATA] Booking Created c7095980-2b5e-4f55-b95a-a1c201ed471a
2025-07-02 18:07:14Z [DATA] Booking Cancelled c7095980-2b5e-4f55-b95a-a1c201ed471a
2025-07-02 18:07:50Z [DATA] Booking Created 1aedec75-b061-4f12-b36f-21ad21d81c27
2025-07-02 18:08:58Z [DATA] Booking Cancelled 1aedec75-b061-4f12-b36f-21ad21d81c27
2025-07-02 18:19:49Z [DATA] Booking Created 00910b2c-f0dd-4a4f-ab72-b3064e540e5f
2025-07-02 19:50:39Z [DATA] Customer Updated Customer1@gmail.com
2025-07-02 19:50:45Z [DATA] Customer Updated Customer1@gmail.com
2025-07-02 19:50:59Z [DATA] Customer Updated Customer1@gmail.com
2025-07-02 19:52:56Z [DATA] Vehicle Added 0b760612-4337-47fe-8d9a-2364dbd1b936
2025-07-02 20:01:46Z [DATA] Mechanic Updated Mechanic@gmail.com
2025-07-02 20:01:54Z [DATA] Mechanic Updated Mechanic@gmail.com
2025-07-02 20:02:01Z [DATA] Mechanic Updated Mechanic@gmail.com
2025-07-02 20:02:15Z [DATA] Mechanic Updated Mechanic@gmail.com
2025-07-02 20:02:32Z [DATA] Mechanic Updated Mechanic@gmail.com
2025-07-02 20:03:50Z [DATA] Customer Updated Customer1@gmail.com
2025-07-02 20:03:54Z [DATA] Customer Updated Customer1@gmail.com
2025-07-02 20:04:08Z [DATA] Customer Updated Customer1@gmail.com
2025-07-02 20:04:17Z [DATA] Customer Updated Customer1@gmail.com
2025-07-02 20:04:39Z [DATA] Customer Updated Customer1@gmail.com
2025-07-02 20:05:05Z [DATA] Customer Updated Customer1@gmail.com
2025-07-02 20:06:37Z [DATA] Booking Cancelled 00910b2c-f0dd-4a4f-ab72-b3064e540e5f
2025-07-02 20:18:02Z [DATA] ServiceRecord Status Updated 18703fc0-3ffd-4eca-b4b8-3b0568d9fe42
2025-07-02 22:05:42Z [DATA] Vehicle Added 2c2a01bb-4727-4423-a899-843d6986b12d
2025-07-02 22:17:44Z [DATA] Booking Created f7795181-2fa6-4372-be1d-533b72308ea5
2025-07-02 22:19:04Z [DATA] Vehicle Added 3780480f-caea-4a75-864f-ad886dcb5dcb
2025-07-02 22:22:03Z [DATA] Bill Downloaded 7a9db62c-dd86-461b-8616-c3b2a789e182
2025-07-02 22:24:18Z [DATA] Service Added 6ff3b483-0117-4d38-8c5a-f5746d9db882
2025-07-02 22:24:18Z [DATA] ServiceRecord Added e6de8689-e455-4566-bc9e-0bf3f2df81ee
2025-07-02 22:24:18Z [DATA] Booking Updated f7795181-2fa6-4372-be1d-533b72308ea5
2025-07-02 22:25:45Z [DATA] Bill Added VSM.DTO.BillDisplayDto
2025-07-02 22:25:46Z [DATA] ServiceRecord Status Updated e6de8689-e455-4566-bc9e-0bf3f2df81ee
2025-07-02 22:27:12Z [DATA] Status Updated 613fd22d-df04-4b54-986e-95644fe78b30
2025-07-02 22:27:28Z [DATA] Mechanic Updated Mechanic@gmail.com
2025-07-02 22:27:32Z [DATA] Mechanic Updated Mechanic@gmail.com
2025-07-02 22:29:26Z [DATA] Mechanic Updated Mechanic@gmail.com
2025-07-02 22:29:29Z [DATA] Mechanic Updated Mechanic@gmail.com
2025-07-03 00:23:29Z [DATA] Category Added 8fe9963f-37fe-4fc2-a728-bed69b760bcb
2025-07-04 14:38:37Z [DATA] Booking Created 701e54d4-3619-4eac-85dc-0e6b6c30f034
2025-07-04 14:46:45Z [DATA] Vehicle Added 2694ede0-b1ba-412b-9747-b5aaa1a06c96
2025-07-04 14:51:19Z [DATA] Service Added 46568013-654d-44f8-a5e9-911db465869d
2025-07-04 14:51:20Z [DATA] ServiceRecord Added 89aa5729-e575-498b-8a81-4fab48c72253
2025-07-04 14:51:20Z [DATA] Booking Updated 701e54d4-3619-4eac-85dc-0e6b6c30f034
2025-07-04 14:55:18Z [DATA] Bill Added VSM.DTO.BillDisplayDto
2025-07-04 14:55:18Z [DATA] ServiceRecord Status Updated 89aa5729-e575-498b-8a81-4fab48c72253
2025-07-04 14:57:02Z [DATA] ServiceRecord Status Updated 89aa5729-e575-498b-8a81-4fab48c72253
2025-07-04 14:57:50Z [DATA] Bill Added VSM.DTO.BillDisplayDto
2025-07-04 14:57:50Z [DATA] ServiceRecord Status Updated 89aa5729-e575-498b-8a81-4fab48c72253
2025-07-04 14:58:13Z [DATA] Status Updated f4646d3d-a754-4bd3-94b3-719d9444de68
2025-07-04 14:59:30Z [DATA] Bill Downloaded f4646d3d-a754-4bd3-94b3-719d9444de68
2025-07-04 15:06:19Z [DATA] Mechanic Updated Mechanic@gmail.com
2025-07-04 15:07:11Z [DATA] Mechanic Updated Mechanic@gmail.com
2025-07-04 15:09:54Z [DATA] Mechanic Registered john@gmail.com
2025-07-04 15:15:18Z [DATA] Customer Registered malar@gmail.com
2025-07-04 15:17:15Z [DATA] Booking Created 26c328fd-6063-41fd-9c16-043e0c35753b
2025-07-04 15:42:42Z [DATA] Mechanic Updated john@gmail.com
2025-07-04 16:07:35Z [DATA] Service Added 942f43d3-ed34-4187-9256-6cd1371ac8d3
2025-07-04 16:07:35Z [DATA] ServiceRecord Added 0304535a-8b50-4e28-abc5-a50c6702cb3b
2025-07-04 16:07:35Z [DATA] Booking Updated 26c328fd-6063-41fd-9c16-043e0c35753b
2025-07-04 16:13:41Z [DATA] Bill Added VSM.DTO.BillDisplayDto
2025-07-04 16:13:41Z [DATA] ServiceRecord Status Updated 0304535a-8b50-4e28-abc5-a50c6702cb3b
2025-07-04 16:14:27Z [DATA] Status Updated 35c333e7-17e3-4bb7-91fe-819215971c9e
2025-07-07 10:28:25Z [DATA] Booking Created 4645a54b-db4e-4a94-b6cc-d8abfc44e9eb
2025-07-07 10:29:38Z [DATA] Service Added cdedc264-1d11-47e0-a698-07cf3514e2bb
2025-07-07 10:29:39Z [DATA] ServiceRecord Added 6ef9666a-ea19-4de0-b65e-0d580018f5e9
2025-07-07 10:29:39Z [DATA] Booking Updated 4645a54b-db4e-4a94-b6cc-d8abfc44e9eb
2025-07-07 11:32:13Z [DATA] Booking Cancelled 4645a54b-db4e-4a94-b6cc-d8abfc44e9eb
2025-07-07 13:37:01Z [DATA] Booking Created 014d039f-8a60-454b-beaf-ada67fa7bcd7
2025-07-07 13:42:35Z [DATA] Booking Cancelled 014d039f-8a60-454b-beaf-ada67fa7bcd7
2025-07-07 13:42:50Z [DATA] Booking Created c08717a3-eeb4-457d-a377-4bcb5fdd4516
2025-07-07 14:14:21Z [DATA] Booking Cancelled c08717a3-eeb4-457d-a377-4bcb5fdd4516
2025-07-07 14:14:33Z [DATA] Booking Created ac1d808b-94b1-422f-8cd8-bf76ea2d0a34
2025-07-07 14:16:57Z [DATA] Booking Cancelled ac1d808b-94b1-422f-8cd8-bf76ea2d0a34
2025-07-07 14:17:15Z [DATA] Booking Created 1d7dfbec-b868-4c91-94fb-a544049217b4
2025-07-07 14:35:43Z [DATA] Booking Cancelled 1d7dfbec-b868-4c91-94fb-a544049217b4
2025-07-07 14:36:00Z [DATA] Booking Created 8724958a-3e29-4765-934a-504965202508
2025-07-07 14:47:18Z [DATA] Customer Registered sg@gmail.com
2025-07-07 14:48:05Z [DATA] Booking Created 3fd59173-f798-4fbe-9d71-03572421e651
2025-07-07 14:50:23Z [DATA] Mechanic Registered pranesh@gmail.com
2025-07-07 14:52:12Z [DATA] Service Added a61e7c24-37b9-4933-99c1-24bb55f17dfb
2025-07-07 14:52:13Z [DATA] ServiceRecord Added c75206a3-08bf-48f7-857e-f9f9955be5f8
2025-07-07 14:52:13Z [DATA] Booking Updated 3fd59173-f798-4fbe-9d71-03572421e651
2025-07-07 15:20:10Z [DATA] Bill Added VSM.DTO.BillDisplayDto
2025-07-07 15:20:10Z [DATA] ServiceRecord Status Updated c75206a3-08bf-48f7-857e-f9f9955be5f8
2025-07-07 15:20:40Z [DATA] Status Updated 1ee4c64d-3364-41e0-b8f7-df129cdd66ac
2025-07-07 15:21:12Z [DATA] Bill Downloaded 1ee4c64d-3364-41e0-b8f7-df129cdd66ac
2025-07-11 11:34:41Z [DATA] Booking Created fb99156e-14d7-4589-a80a-de4de986c9be
2025-07-11 11:48:30Z [DATA] Booking Created 2bab4c39-d0b4-43e2-8877-56f20d295777
2025-07-15 10:58:00Z [DATA] Booking Cancelled fb99156e-14d7-4589-a80a-de4de986c9be
2025-07-15 10:58:02Z [DATA] Booking Cancelled 2bab4c39-d0b4-43e2-8877-56f20d295777
2025-07-15 11:03:44Z [DATA] Booking Cancelled 8724958a-3e29-4765-934a-504965202508
2025-07-15 11:05:14Z [DATA] Booking Created bcec27c6-3456-468c-b616-08ccb0f610c9
2025-07-15 11:05:53Z [DATA] Booking Cancelled bcec27c6-3456-468c-b616-08ccb0f610c9
2025-07-15 11:06:27Z [DATA] Booking Created 748d7485-f469-4c84-b69e-4a4b53901939
2025-07-15 11:06:53Z [DATA] Bill Downloaded 613fd22d-df04-4b54-986e-95644fe78b30
2025-07-15 11:12:51Z [DATA] Vehicle Added f741a527-87c9-43f5-b53b-a7c913dbec6f
2025-07-15 11:15:58Z [DATA] Service Added e9456c43-ff80-4922-a30c-9eec534557e8
2025-07-15 11:15:58Z [DATA] ServiceRecord Added 523f6eb5-5b15-4e5d-ab19-7161aade6ed8
2025-07-15 11:15:58Z [DATA] Booking Updated 748d7485-f469-4c84-b69e-4a4b53901939
2025-07-15 11:18:50Z [DATA] Bill Added VSM.DTO.BillDisplayDto
2025-07-15 11:18:50Z [DATA] ServiceRecord Status Updated 523f6eb5-5b15-4e5d-ab19-7161aade6ed8
2025-07-15 11:23:45Z [DATA] ServiceRecord Status Updated 523f6eb5-5b15-4e5d-ab19-7161aade6ed8
2025-07-15 11:24:32Z [DATA] Bill Added VSM.DTO.BillDisplayDto
2025-07-15 11:24:32Z [DATA] ServiceRecord Status Updated 523f6eb5-5b15-4e5d-ab19-7161aade6ed8
2025-07-15 11:24:48Z [DATA] Status Updated ae99fc0e-6a46-486f-970a-93bbd49192df
2025-07-15 11:29:23Z [DATA] Mechanic Updated Mechanic@gmail.com
2025-07-15 11:29:27Z [DATA] Mechanic Updated Mechanic@gmail.com
2025-07-15 11:37:05Z [DATA] Category Deleted 8fe9963f-37fe-4fc2-a728-bed69b760bcb
2025-07-15 11:37:21Z [DATA] Category Deleted 8fe9963f-37fe-4fc2-a728-bed69b760bcb
2025-07-15 11:37:36Z [DATA] Updated Deleted 9ea4b2d2-58cb-4332-8780-e3eed4edd750
2025-07-18 10:56:10Z [DATA] Bill Downloaded 1ee4c64d-3364-41e0-b8f7-df129cdd66ac
